
> library(datasets)  # loading dataset
> install.packages("pryr") #installing and loading pryr package
WARNING: Rtools is required to build R packages but is not currently installed. Please download and install the appropriate version of Rtools before proceeding:

https://cran.rstudio.com/bin/windows/Rtools/
Installing package into ‘C:/Users/jeegs/OneDrive/Documents/R/win-library/4.0’
(as ‘lib’ is unspecified)
trying URL 'https://cran.rstudio.com/bin/windows/contrib/4.0/pryr_0.1.4.zip'
Content type 'application/zip' length 935778 bytes (913 KB)
downloaded 913 KB

package ‘pryr’ successfully unpacked and MD5 sums checked

The downloaded binary packages are in
	C:\Users\jeegs\AppData\Local\Temp\RtmpwBmZE1\downloaded_packages
> library(pryr)
Registered S3 method overwritten by 'pryr':
  method      from
  print.bytes Rcpp

Attaching package: ‘pryr’

The following object is masked _by_ ‘.GlobalEnv’:

    f

> typeof(esoph)
[1] "list"
> esoph 
   agegp     alcgp    tobgp ncases ncontrols
1  25-34 0-39g/day 0-9g/day      0        40
2  25-34 0-39g/day    10-19      0        10
3  25-34 0-39g/day    20-29      0         6
4  25-34 0-39g/day      30+      0         5
5  25-34     40-79 0-9g/day      0        27
6  25-34     40-79    10-19      0         7
7  25-34     40-79    20-29      0         4
8  25-34     40-79      30+      0         7
9  25-34    80-119 0-9g/day      0         2
10 25-34    80-119    10-19      0         1
11 25-34    80-119      30+      0         2
12 25-34      120+ 0-9g/day      0         1
13 25-34      120+    10-19      1         1
14 25-34      120+    20-29      0         1
15 25-34      120+      30+      0         2
16 35-44 0-39g/day 0-9g/day      0        60
17 35-44 0-39g/day    10-19      1        14
18 35-44 0-39g/day    20-29      0         7
19 35-44 0-39g/day      30+      0         8
20 35-44     40-79 0-9g/day      0        35
21 35-44     40-79    10-19      3        23
22 35-44     40-79    20-29      1        14
23 35-44     40-79      30+      0         8
24 35-44    80-119 0-9g/day      0        11
25 35-44    80-119    10-19      0         6
26 35-44    80-119    20-29      0         2
27 35-44    80-119      30+      0         1
28 35-44      120+ 0-9g/day      2         3
29 35-44      120+    10-19      0         3
30 35-44      120+    20-29      2         4
31 45-54 0-39g/day 0-9g/day      1        46
32 45-54 0-39g/day    10-19      0        18
33 45-54 0-39g/day    20-29      0        10
34 45-54 0-39g/day      30+      0         4
35 45-54     40-79 0-9g/day      6        38
36 45-54     40-79    10-19      4        21
37 45-54     40-79    20-29      5        15
38 45-54     40-79      30+      5         7
39 45-54    80-119 0-9g/day      3        16
40 45-54    80-119    10-19      6        14
41 45-54    80-119    20-29      1         5
42 45-54    80-119      30+      2         4
43 45-54      120+ 0-9g/day      4         4
44 45-54      120+    10-19      3         4
45 45-54      120+    20-29      2         3
46 45-54      120+      30+      4         4
47 55-64 0-39g/day 0-9g/day      2        49
48 55-64 0-39g/day    10-19      3        22
49 55-64 0-39g/day    20-29      3        12
50 55-64 0-39g/day      30+      4         6
51 55-64     40-79 0-9g/day      9        40
52 55-64     40-79    10-19      6        21
53 55-64     40-79    20-29      4        17
54 55-64     40-79      30+      3         6
55 55-64    80-119 0-9g/day      9        18
56 55-64    80-119    10-19      8        15
57 55-64    80-119    20-29      3         6
58 55-64    80-119      30+      4         4
59 55-64      120+ 0-9g/day      5        10
60 55-64      120+    10-19      6         7
61 55-64      120+    20-29      2         3
62 55-64      120+      30+      5         6
63 65-74 0-39g/day 0-9g/day      5        48
64 65-74 0-39g/day    10-19      4        14
65 65-74 0-39g/day    20-29      2         7
66 65-74 0-39g/day      30+      0         2
67 65-74     40-79 0-9g/day     17        34
68 65-74     40-79    10-19      3        10
69 65-74     40-79    20-29      5         9
70 65-74    80-119 0-9g/day      6        13
71 65-74    80-119    10-19      4        12
72 65-74    80-119    20-29      2         3
73 65-74    80-119      30+      1         1
74 65-74      120+ 0-9g/day      3         4
75 65-74      120+    10-19      1         2
76 65-74      120+    20-29      1         1
77 65-74      120+      30+      1         1
78   75+ 0-39g/day 0-9g/day      1        18
79   75+ 0-39g/day    10-19      2         6
80   75+ 0-39g/day      30+      1         3
81   75+     40-79 0-9g/day      2         5
82   75+     40-79    10-19      1         3
83   75+     40-79    20-29      0         3
84   75+     40-79      30+      1         1
85   75+    80-119 0-9g/day      1         1
86   75+    80-119    10-19      1         1
87   75+      120+ 0-9g/day      2         2
88   75+      120+    10-19      1         1
> otype(esoph)   #type of object of dataset esoph
[1] "S3"
> isS4(esoph)
[1] FALSE
> oesoph<-unclass(esoph)  #unclass esoph
> oesoph
$agegp
 [1] 25-34 25-34 25-34 25-34 25-34 25-34 25-34 25-34 25-34 25-34 25-34 25-34 25-34 25-34 25-34 35-44 35-44 35-44 35-44
[20] 35-44 35-44 35-44 35-44 35-44 35-44 35-44 35-44 35-44 35-44 35-44 45-54 45-54 45-54 45-54 45-54 45-54 45-54 45-54
[39] 45-54 45-54 45-54 45-54 45-54 45-54 45-54 45-54 55-64 55-64 55-64 55-64 55-64 55-64 55-64 55-64 55-64 55-64 55-64
[58] 55-64 55-64 55-64 55-64 55-64 65-74 65-74 65-74 65-74 65-74 65-74 65-74 65-74 65-74 65-74 65-74 65-74 65-74 65-74
[77] 65-74 75+   75+   75+   75+   75+   75+   75+   75+   75+   75+   75+  
Levels: 25-34 < 35-44 < 45-54 < 55-64 < 65-74 < 75+

$alcgp
 [1] 0-39g/day 0-39g/day 0-39g/day 0-39g/day 40-79     40-79     40-79     40-79     80-119    80-119    80-119   
[12] 120+      120+      120+      120+      0-39g/day 0-39g/day 0-39g/day 0-39g/day 40-79     40-79     40-79    
[23] 40-79     80-119    80-119    80-119    80-119    120+      120+      120+      0-39g/day 0-39g/day 0-39g/day
[34] 0-39g/day 40-79     40-79     40-79     40-79     80-119    80-119    80-119    80-119    120+      120+     
[45] 120+      120+      0-39g/day 0-39g/day 0-39g/day 0-39g/day 40-79     40-79     40-79     40-79     80-119   
[56] 80-119    80-119    80-119    120+      120+      120+      120+      0-39g/day 0-39g/day 0-39g/day 0-39g/day
[67] 40-79     40-79     40-79     80-119    80-119    80-119    80-119    120+      120+      120+      120+     
[78] 0-39g/day 0-39g/day 0-39g/day 40-79     40-79     40-79     40-79     80-119    80-119    120+      120+     
Levels: 0-39g/day < 40-79 < 80-119 < 120+

$tobgp
 [1] 0-9g/day 10-19    20-29    30+      0-9g/day 10-19    20-29    30+      0-9g/day 10-19    30+      0-9g/day 10-19   
[14] 20-29    30+      0-9g/day 10-19    20-29    30+      0-9g/day 10-19    20-29    30+      0-9g/day 10-19    20-29   
[27] 30+      0-9g/day 10-19    20-29    0-9g/day 10-19    20-29    30+      0-9g/day 10-19    20-29    30+      0-9g/day
[40] 10-19    20-29    30+      0-9g/day 10-19    20-29    30+      0-9g/day 10-19    20-29    30+      0-9g/day 10-19   
[53] 20-29    30+      0-9g/day 10-19    20-29    30+      0-9g/day 10-19    20-29    30+      0-9g/day 10-19    20-29   
[66] 30+      0-9g/day 10-19    20-29    0-9g/day 10-19    20-29    30+      0-9g/day 10-19    20-29    30+      0-9g/day
[79] 10-19    30+      0-9g/day 10-19    20-29    30+      0-9g/day 10-19    0-9g/day 10-19   
Levels: 0-9g/day < 10-19 < 20-29 < 30+

$ncases
 [1]  0  0  0  0  0  0  0  0  0  0  0  0  1  0  0  0  1  0  0  0  3  1  0  0  0  0  0  2  0  2  1  0  0  0  6  4  5  5  3
[40]  6  1  2  4  3  2  4  2  3  3  4  9  6  4  3  9  8  3  4  5  6  2  5  5  4  2  0 17  3  5  6  4  2  1  3  1  1  1  1
[79]  2  1  2  1  0  1  1  1  2  1

$ncontrols
 [1] 40 10  6  5 27  7  4  7  2  1  2  1  1  1  2 60 14  7  8 35 23 14  8 11  6  2  1  3  3  4 46 18 10  4 38 21 15  7 16
[40] 14  5  4  4  4  3  4 49 22 12  6 40 21 17  6 18 15  6  4 10  7  3  6 48 14  7  2 34 10  9 13 12  3  1  4  2  1  1 18
[79]  6  3  5  3  3  1  1  1  2  1

attr(,"row.names")
 [1]  1  2  3  4  5  6  7  8  9 10 11 12 13 14 15 16 17 18 19 20 21 22 23 24 25 26 27 28 29 30 31 32 33 34 35 36 37 38 39
[40] 40 41 42 43 44 45 46 47 48 49 50 51 52 53 54 55 56 57 58 59 60 61 62 63 64 65 66 67 68 69 70 71 72 73 74 75 76 77 78
[79] 79 80 81 82 83 84 85 86 87 88
> class(oesoph)<- "eso"
> attributes(oesoph)
$names
[1] "agegp"     "alcgp"     "tobgp"     "ncases"    "ncontrols"

$row.names
 [1]  1  2  3  4  5  6  7  8  9 10 11 12 13 14 15 16 17 18 19 20 21 22 23 24 25 26 27 28 29 30 31 32 33 34 35 36 37 38 39
[40] 40 41 42 43 44 45 46 47 48 49 50 51 52 53 54 55 56 57 58 59 60 61 62 63 64 65 66 67 68 69 70 71 72 73 74 75 76 77 78
[79] 79 80 81 82 83 84 85 86 87 88

$class
[1] "eso"

> print.eso<- function(oesoph) {cat("age group",oesoph$agegp, "\n") #assigning S3 generic function print to the dataset
+   cat("alcohol group", oesoph$alcgp, "\n")
+   cat("tobacco group", oesoph$tobgp, "\n")
+   cat("cases", oesoph$ncases, "\n")
+   cat("controls", oesoph$ncontrols, "\n")}
> otype(oesoph)#type of object
[1] "S3"
> oesoph #using new function print.eso
age group 1 1 1 1 1 1 1 1 1 1 1 1 1 1 1 2 2 2 2 2 2 2 2 2 2 2 2 2 2 2 3 3 3 3 3 3 3 3 3 3 3 3 3 3 3 3 4 4 4 4 4 4 4 4 4 4 4 4 4 4 4 4 5 5 5 5 5 5 5 5 5 5 5 5 5 5 5 6 6 6 6 6 6 6 6 6 6 6 
alcohol group 1 1 1 1 2 2 2 2 3 3 3 4 4 4 4 1 1 1 1 2 2 2 2 3 3 3 3 4 4 4 1 1 1 1 2 2 2 2 3 3 3 3 4 4 4 4 1 1 1 1 2 2 2 2 3 3 3 3 4 4 4 4 1 1 1 1 2 2 2 3 3 3 3 4 4 4 4 1 1 1 2 2 2 2 3 3 4 4 
tobacco group 1 2 3 4 1 2 3 4 1 2 4 1 2 3 4 1 2 3 4 1 2 3 4 1 2 3 4 1 2 3 1 2 3 4 1 2 3 4 1 2 3 4 1 2 3 4 1 2 3 4 1 2 3 4 1 2 3 4 1 2 3 4 1 2 3 4 1 2 3 1 2 3 4 1 2 3 4 1 2 4 1 2 3 4 1 2 1 2 
cases 0 0 0 0 0 0 0 0 0 0 0 0 1 0 0 0 1 0 0 0 3 1 0 0 0 0 0 2 0 2 1 0 0 0 6 4 5 5 3 6 1 2 4 3 2 4 2 3 3 4 9 6 4 3 9 8 3 4 5 6 2 5 5 4 2 0 17 3 5 6 4 2 1 3 1 1 1 1 2 1 2 1 0 1 1 1 2 1 
controls 40 10 6 5 27 7 4 7 2 1 2 1 1 1 2 60 14 7 8 35 23 14 8 11 6 2 1 3 3 4 46 18 10 4 38 21 15 7 16 14 5 4 4 4 3 4 49 22 12 6 40 21 17 6 18 15 6 4 10 7 3 6 48 14 7 2 34 10 9 13 12 3 1 4 2 1 1 18 6 3 5 3 3 1 1 1 2 1 
> linear<- lm(esoph$ncases~esoph$agegp+esoph$alcgp+esoph$tobgp) #A s3 function linear regression on S3 object
> summary(linear)

Call:
lm(formula = esoph$ncases ~ esoph$agegp + esoph$alcgp + esoph$tobgp)

Residuals:
   Min     1Q Median     3Q    Max 
-2.970 -1.100 -0.052  0.933 10.939 

Coefficients:
              Estimate Std. Error t value Pr(>|t|)    
(Intercept)     2.0974     0.2120   9.895 2.62e-15 ***
esoph$agegp.L   1.7735     0.5392   3.289 0.001523 ** 
esoph$agegp.Q  -3.3999     0.5323  -6.387 1.22e-08 ***
esoph$agegp.C  -1.9515     0.5176  -3.770 0.000321 ***
esoph$agegp^4   0.6120     0.5058   1.210 0.230023    
esoph$agegp^5   0.2281     0.4931   0.463 0.644927    
esoph$alcgp.L   0.1780     0.4194   0.424 0.672439    
esoph$alcgp.Q  -1.1951     0.4182  -2.858 0.005502 ** 
esoph$alcgp.C   0.9649     0.4203   2.296 0.024438 *  
esoph$tobgp.L  -1.4647     0.4223  -3.469 0.000865 ***
esoph$tobgp.Q   0.5020     0.4203   1.194 0.236049    
esoph$tobgp.C   0.3619     0.4219   0.858 0.393779    
---
Signif. codes:  0 ‘***’ 0.001 ‘**’ 0.01 ‘*’ 0.05 ‘.’ 0.1 ‘ ’ 1

Residual standard error: 1.956 on 76 degrees of freedom
Multiple R-squared:  0.559,	Adjusted R-squared:  0.4951 
F-statistic: 8.756 on 11 and 76 DF,  p-value: 8.316e-10

> class(linear)
[1] "lm"
> otype(linear)
[1] "S3"
> esop<- list(agegp= 1, alcgp=2, tobgp=4, ncases=4, ncontrols=5)
> class(esop)<- "eso"              #assigning S3 to esop dataset
> otype(esop)  
[1] "S3"
> #assigning esoph(a s3 object) to S4 object
> A<- function(x) {setClass("eso", representation(agegp="numeric", alcgp="numeric", tobgp="numeric", ncases="numeric", ncontrols="numeric"))
+   new("eso", agegp=esoph$agegp, alcgp=esoph$alcgp, tobgp=esoph$tobgp, ncases=esoph$ncases, ncontrols=esoph$ncontrols)}
> B<- A(esoph)
> isS4(B)
[1] TRUE
> typeof(B)
[1] "S4"
> otype(B)
[1] "S4"
> show(B)   #S4 generic function 
An object of class "eso"
Slot "agegp":
 [1] 1 1 1 1 1 1 1 1 1 1 1 1 1 1 1 2 2 2 2 2 2 2 2 2 2 2 2 2 2 2 3 3 3 3 3 3 3 3 3 3 3 3 3 3 3 3 4 4 4 4 4 4 4 4 4 4 4 4
[59] 4 4 4 4 5 5 5 5 5 5 5 5 5 5 5 5 5 5 5 6 6 6 6 6 6 6 6 6 6 6

Slot "alcgp":
 [1] 1 1 1 1 2 2 2 2 3 3 3 4 4 4 4 1 1 1 1 2 2 2 2 3 3 3 3 4 4 4 1 1 1 1 2 2 2 2 3 3 3 3 4 4 4 4 1 1 1 1 2 2 2 2 3 3 3 3
[59] 4 4 4 4 1 1 1 1 2 2 2 3 3 3 3 4 4 4 4 1 1 1 2 2 2 2 3 3 4 4

Slot "tobgp":
 [1] 1 2 3 4 1 2 3 4 1 2 4 1 2 3 4 1 2 3 4 1 2 3 4 1 2 3 4 1 2 3 1 2 3 4 1 2 3 4 1 2 3 4 1 2 3 4 1 2 3 4 1 2 3 4 1 2 3 4
[59] 1 2 3 4 1 2 3 4 1 2 3 1 2 3 4 1 2 3 4 1 2 4 1 2 3 4 1 2 1 2

Slot "ncases":
 [1]  0  0  0  0  0  0  0  0  0  0  0  0  1  0  0  0  1  0  0  0  3  1  0  0  0  0  0  2  0  2  1  0  0  0  6  4  5  5  3
[40]  6  1  2  4  3  2  4  2  3  3  4  9  6  4  3  9  8  3  4  5  6  2  5  5  4  2  0 17  3  5  6  4  2  1  3  1  1  1  1
[79]  2  1  2  1  0  1  1  1  2  1

Slot "ncontrols":
 [1] 40 10  6  5 27  7  4  7  2  1  2  1  1  1  2 60 14  7  8 35 23 14  8 11  6  2  1  3  3  4 46 18 10  4 38 21 15  7 16
[40] 14  5  4  4  4  3  4 49 22 12  6 40 21 17  6 18 15  6  4 10  7  3  6 48 14  7  2 34 10  9 13 12  3  1  4  2  1  1 18
[79]  6  3  5  3  3  1  1  1  2  1

> print(B)  #s3 generic function giving error. 
 Error: $ operator not defined for this S4 class 